autoconf
automake
bash
binutils
bison
build
build-compare
build-mkbaselibs
bzip2
cmake
coreutils
cpio
cpp
cpp49
db4
dbus
diffutils
elfutils
fdupes
file
filesystem
findutils
gawk
gcc
gcc49
gcc49-c++
gcc49-info
gcc49-locale
gcc-c++
gconf-dbus
gconf-dbus-devel
gettext-tools
glibc
glibc-devel
glibc-locale
grep
gzip
hostname
info
less
libacl
libarchive
libasan
libasm
libatomic
libattr
libblkid
libblkid-devel
libbz2
libcap
libcares
libcilkrts
libdw
libelf
libexpat
libext2fs
libfreebl3
libgcc_s1
libgdbm
libgmp
libgomp
libical
libical-devel
libicu
libicu-devel
libidn
libitm
libltdl
liblua
liblzma
libmagic
libmagic-data
libmount
libmpc
libmpfr
libncurses
libncurses6
libpcre
libpopt
libreadline
libsmack
libsoftokn3
libsqlite
libstdc++
libstdc++49-devel
libstdc++-devel
libstdc++-locale
libtool
libubsan
libuuid
libuuid-devel
libxkbcommon
libxkbcommon-devel
libxml2
libzio
linux-glibc-devel
lua
lua-devel
m4
make
makeinfo
meta-common
ncurses-devel
net-tools
nspr
nss
nss-certs
pam
patch
perl
pkg-config
pwdutils
python-lxml
python-rpm
rpm
rpm-build
rpm-devel
rpmlint-mini
rpmlint-tizen
rpm-security-plugin
sed
setup
shared-mime-info
smack
tar
terminfo-base
texinfo
tzdata
update-alternatives
util-linux
which
xz
zlib
